[INFO] Dataset 'squirrel' is heterophilous. Replacing base backbone 'gcn' -> 'linkx'.
Linear pretrain split: train=3120, val=1040, test=1041
Split setting: source=random, requested_train_test_ratio=4.0000
Fusion setting: encoder_fusion=weighted, models=['linkx', 'fagcn', 'gprgnn', 'h2gcn'], hidden_dim=128, embedding_dim=128, num_layers=2, dropout=0.5, gat_heads=8, weighted_fusion_train_strategy=two-stage
Pretraining encoder: linkx
[Pretrain] epoch=001 loss=1.6694 train_acc=0.2096 val_acc=0.2038
[Pretrain] epoch=020 loss=0.6476 train_acc=0.6240 val_acc=0.2577
[Pretrain] epoch=040 loss=0.3700 train_acc=0.8061 val_acc=0.2904
[Pretrain] epoch=060 loss=0.3528 train_acc=0.8830 val_acc=0.2750
[Pretrain] epoch=080 loss=0.2824 train_acc=0.9282 val_acc=0.2817
[Pretrain] epoch=100 loss=0.1925 train_acc=0.9199 val_acc=0.2913
[Pretrain] epoch=120 loss=0.3618 train_acc=0.8429 val_acc=0.3000
[Pretrain] epoch=140 loss=0.1691 train_acc=0.9449 val_acc=0.3173
[Pretrain] epoch=160 loss=0.1458 train_acc=0.9513 val_acc=0.2962
[Pretrain] epoch=180 loss=0.1315 train_acc=0.9494 val_acc=0.3106
[Pretrain] epoch=200 loss=0.1759 train_acc=0.9494 val_acc=0.3087
[Pretrain] epoch=220 loss=0.1236 train_acc=0.9609 val_acc=0.3154
[Pretrain] epoch=240 loss=0.1135 train_acc=0.9596 val_acc=0.3077
[Pretrain] epoch=260 loss=0.1085 train_acc=0.9612 val_acc=0.2885
[Pretrain] epoch=280 loss=1.6262 train_acc=0.6115 val_acc=0.2663
[Pretrain] epoch=300 loss=0.1680 train_acc=0.9503 val_acc=0.3106
[Pretrain] selected epoch=039 val_acc=0.3433
  linkx embedding shape: (5201, 128)
Pretraining encoder: fagcn
[Pretrain] epoch=001 loss=1.6115 train_acc=0.2003 val_acc=0.2000
[Pretrain] epoch=020 loss=1.6095 train_acc=0.2000 val_acc=0.2000
[Pretrain] epoch=040 loss=1.6094 train_acc=0.2000 val_acc=0.2000
[Pretrain] epoch=060 loss=1.6094 train_acc=0.2003 val_acc=0.2000
[Pretrain] epoch=080 loss=1.6094 train_acc=0.2003 val_acc=0.2000
[Pretrain] epoch=100 loss=1.6094 train_acc=0.2003 val_acc=0.2000
[Pretrain] epoch=120 loss=1.6094 train_acc=0.2003 val_acc=0.2000
[Pretrain] epoch=140 loss=1.6094 train_acc=0.2003 val_acc=0.2000
[Pretrain] epoch=160 loss=1.6094 train_acc=0.2003 val_acc=0.2000
[Pretrain] epoch=180 loss=1.6094 train_acc=0.2003 val_acc=0.2000
[Pretrain] epoch=200 loss=1.6094 train_acc=0.2003 val_acc=0.2000
[Pretrain] epoch=220 loss=1.6094 train_acc=0.2003 val_acc=0.2000
[Pretrain] epoch=240 loss=1.6094 train_acc=0.2003 val_acc=0.2000
[Pretrain] epoch=260 loss=1.6094 train_acc=0.2003 val_acc=0.2000
[Pretrain] epoch=280 loss=1.6094 train_acc=0.2003 val_acc=0.2000
[Pretrain] epoch=300 loss=1.6094 train_acc=0.2003 val_acc=0.2000
[Pretrain] selected epoch=001 val_acc=0.2000
  fagcn embedding shape: (5201, 128)
Pretraining encoder: gprgnn
[Pretrain] epoch=001 loss=1.6183 train_acc=0.2003 val_acc=0.2000
[Pretrain] epoch=020 loss=1.6020 train_acc=0.2808 val_acc=0.2490
[Pretrain] epoch=040 loss=1.5276 train_acc=0.3308 val_acc=0.2606
[Pretrain] epoch=060 loss=1.4900 train_acc=0.3670 val_acc=0.2606
[Pretrain] epoch=080 loss=1.4015 train_acc=0.5035 val_acc=0.2750
[Pretrain] epoch=100 loss=1.3144 train_acc=0.5199 val_acc=0.2673
[Pretrain] epoch=120 loss=1.2835 train_acc=0.5994 val_acc=0.2760
[Pretrain] epoch=140 loss=1.1954 train_acc=0.6410 val_acc=0.2769
[Pretrain] epoch=160 loss=1.1764 train_acc=0.7067 val_acc=0.2865
[Pretrain] epoch=180 loss=1.1187 train_acc=0.7490 val_acc=0.3048
[Pretrain] epoch=200 loss=1.0998 train_acc=0.7712 val_acc=0.3048
[Pretrain] epoch=220 loss=1.0628 train_acc=0.7247 val_acc=0.2933
[Pretrain] epoch=240 loss=1.0359 train_acc=0.7410 val_acc=0.2923
[Pretrain] epoch=260 loss=1.0333 train_acc=0.7772 val_acc=0.2962
[Pretrain] epoch=280 loss=1.0407 train_acc=0.7830 val_acc=0.2856
[Pretrain] epoch=300 loss=1.0037 train_acc=0.7837 val_acc=0.2952
[Pretrain] selected epoch=257 val_acc=0.3163
  gprgnn embedding shape: (5201, 128)
Pretraining encoder: h2gcn
[Pretrain] epoch=001 loss=1.6107 train_acc=0.2003 val_acc=0.2000
[Pretrain] epoch=020 loss=1.5505 train_acc=0.2958 val_acc=0.3077
[Pretrain] epoch=040 loss=1.5335 train_acc=0.2974 val_acc=0.3029
[Pretrain] epoch=060 loss=1.5197 train_acc=0.2987 val_acc=0.3048
[Pretrain] epoch=080 loss=1.5202 train_acc=0.3054 val_acc=0.3029
[Pretrain] epoch=100 loss=1.5108 train_acc=0.3013 val_acc=0.3038
[Pretrain] epoch=120 loss=1.5184 train_acc=0.3087 val_acc=0.2971
[Pretrain] epoch=140 loss=1.5114 train_acc=0.3147 val_acc=0.2952
[Pretrain] epoch=160 loss=1.5081 train_acc=0.3099 val_acc=0.3038
[Pretrain] epoch=180 loss=1.5067 train_acc=0.3115 val_acc=0.2808
[Pretrain] epoch=200 loss=1.5016 train_acc=0.3212 val_acc=0.2933
[Pretrain] epoch=220 loss=1.5080 train_acc=0.3144 val_acc=0.2885
[Pretrain] epoch=240 loss=1.5041 train_acc=0.3144 val_acc=0.2769
[Pretrain] epoch=260 loss=1.5116 train_acc=0.2974 val_acc=0.2587
[Pretrain] epoch=280 loss=1.5019 train_acc=0.3144 val_acc=0.3019
[Pretrain] epoch=300 loss=1.5070 train_acc=0.2942 val_acc=0.2538
[Pretrain] selected epoch=037 val_acc=0.3087
  h2gcn embedding shape: (5201, 128)
[FusionPretrain] epoch=001 loss=1.6351 train_acc=0.2505 weights=[0.2463, 0.2512, 0.2512, 0.2512]
[FusionPretrain] epoch=020 loss=0.8416 train_acc=0.7476 weights=[0.3142, 0.2286, 0.2283, 0.2289]
[FusionPretrain] epoch=040 loss=0.8161 train_acc=0.7555 weights=[0.3173, 0.2261, 0.229, 0.2276]
[FusionPretrain] epoch=060 loss=0.7949 train_acc=0.7663 weights=[0.2965, 0.2272, 0.2424, 0.2339]
[FusionPretrain] epoch=080 loss=0.7801 train_acc=0.7757 weights=[0.2998, 0.2152, 0.2558, 0.2291]
[FusionPretrain] epoch=100 loss=0.7656 train_acc=0.7820 weights=[0.2982, 0.2004, 0.2809, 0.2206]
[FusionPretrain] epoch=120 loss=0.7490 train_acc=0.7870 weights=[0.2921, 0.1817, 0.3201, 0.2061]
[FusionPretrain] epoch=140 loss=0.7291 train_acc=0.7935 weights=[0.28, 0.1598, 0.3744, 0.1858]
[FusionPretrain] epoch=160 loss=0.7067 train_acc=0.8014 weights=[0.2621, 0.1364, 0.4396, 0.1619]
[FusionPretrain] epoch=180 loss=0.6847 train_acc=0.8101 weights=[0.2414, 0.1141, 0.5063, 0.1382]
[FusionPretrain] epoch=200 loss=0.6660 train_acc=0.8147 weights=[0.2216, 0.0956, 0.5644, 0.1184]
[squirrel] fused embedding built (shape=(5201, 128))
  fused embedding stats shape=(5201, 128) mean=0.0032 std=0.1518 min=-1.9545 max=2.2640
  fusion weights ['linkx', 'fagcn', 'gprgnn', 'h2gcn'] = [0.2216, 0.0956, 0.5644, 0.1184]
Prediction embedding branch setting: branch=branch2, pre_agg_pca_dim=64, add_graph_engineered_features=True
[squirrel] prediction uses concatenated embedding: gnn_dim=128 + pre_agg_dim=64 -> total_dim=200
Appended graph engineered features to prediction embedding: [lap_rw_resp_norm, neighbor_count, degree, l2_diff_1hop(1), cos_sim_1hop(1), hop1_dispersion_trace(1), hop2_dispersion_trace(1), pagerank(1)], new_total_dim=200
Applied feature normalization: none.
Split complete: x_train=(4160, 200), x_test=(1041, 200), num_classes=5, actual_train_test_ratio=3.9962
TabPFN ensemble-selection enabled: sources=['fagcn', 'fused_weighted', 'gprgnn', 'h2gcn', 'linkx'], val_size=0.2, candidates_per_table=2, context_size=fit-full, colsample=[1.0, 1.0], max_selected=32, n_jobs=1
TabPFN ensemble-selection test accuracy: 0.8002
TabPFN ensemble-selection summary: fit_size=3328, val_size=832, num_candidates=10, num_selected=3, table_weights={'fagcn': 0.6666666666666666, 'h2gcn': 0.3333333333333333}
TabPFN ensemble-selection classification report:
              precision    recall  f1-score   support

           0     0.7155    0.7943    0.7528       209
           1     0.7172    0.6827    0.6995       208
           2     0.7989    0.7260    0.7607       208
           3     0.8545    0.8750    0.8646       208
           4     0.9187    0.9231    0.9209       208

    accuracy                         0.8002      1041
   macro avg     0.8010    0.8002    0.7997      1041
weighted avg     0.8009    0.8002    0.7997      1041

