Linear pretrain split: train=4590, val=1530, test=1530
Split setting: source=random, requested_train_test_ratio=4.0000
Fusion setting: encoder_fusion=weighted, models=['gcn', 'gat', 'sage'], hidden_dim=128, embedding_dim=128, num_layers=2, dropout=0.5, gat_heads=8, weighted_fusion_train_strategy=two-stage
Pretraining encoder: gcn
[Pretrain] epoch=001 loss=2.0819 train_acc=0.2538 val_acc=0.2536
[Pretrain] epoch=020 loss=1.9059 train_acc=0.3614 val_acc=0.3529
[Pretrain] epoch=040 loss=1.3795 train_acc=0.4619 val_acc=0.4582
[Pretrain] epoch=060 loss=0.9485 train_acc=0.7259 val_acc=0.7229
[Pretrain] epoch=080 loss=0.5567 train_acc=0.8484 val_acc=0.8379
[Pretrain] epoch=100 loss=0.4713 train_acc=0.8693 val_acc=0.8490
[Pretrain] epoch=120 loss=0.4206 train_acc=0.9026 val_acc=0.8843
[Pretrain] epoch=140 loss=0.3774 train_acc=0.9113 val_acc=0.8830
[Pretrain] epoch=160 loss=0.3448 train_acc=0.9216 val_acc=0.9092
[Pretrain] epoch=180 loss=0.3384 train_acc=0.9244 val_acc=0.9072
[Pretrain] epoch=200 loss=0.3230 train_acc=0.9237 val_acc=0.9039
[Pretrain] epoch=220 loss=0.3344 train_acc=0.9268 val_acc=0.9033
[Pretrain] epoch=240 loss=0.3187 train_acc=0.9281 val_acc=0.9118
[Pretrain] epoch=260 loss=0.3107 train_acc=0.9329 val_acc=0.9105
[Pretrain] epoch=280 loss=0.3150 train_acc=0.9318 val_acc=0.9144
[Pretrain] epoch=300 loss=0.3057 train_acc=0.9331 val_acc=0.9098
[Pretrain] selected epoch=272 val_acc=0.9183
  gcn embedding shape: (7650, 128)
Pretraining encoder: gat
[Pretrain] epoch=001 loss=2.0838 train_acc=0.2538 val_acc=0.2536
[Pretrain] epoch=020 loss=1.4638 train_acc=0.5377 val_acc=0.5314
[Pretrain] epoch=040 loss=0.6580 train_acc=0.8678 val_acc=0.8654
[Pretrain] epoch=060 loss=0.7867 train_acc=0.8887 val_acc=0.8863
[Pretrain] epoch=080 loss=0.4906 train_acc=0.8941 val_acc=0.8928
[Pretrain] epoch=100 loss=0.4590 train_acc=0.9033 val_acc=0.8928
[Pretrain] epoch=120 loss=0.5649 train_acc=0.9111 val_acc=0.8954
[Pretrain] epoch=140 loss=0.4312 train_acc=0.9122 val_acc=0.9033
[Pretrain] epoch=160 loss=0.4035 train_acc=0.9139 val_acc=0.9052
[Pretrain] epoch=180 loss=0.4095 train_acc=0.9207 val_acc=0.9098
[Pretrain] epoch=200 loss=0.3974 train_acc=0.9131 val_acc=0.8850
[Pretrain] epoch=220 loss=4.3285 train_acc=0.6266 val_acc=0.6235
[Pretrain] epoch=240 loss=0.7384 train_acc=0.8011 val_acc=0.7915
[Pretrain] epoch=260 loss=0.4856 train_acc=0.8795 val_acc=0.8725
[Pretrain] epoch=280 loss=0.4177 train_acc=0.9107 val_acc=0.9039
[Pretrain] epoch=300 loss=0.4085 train_acc=0.9122 val_acc=0.9026
[Pretrain] selected epoch=208 val_acc=0.9157
  gat embedding shape: (7650, 128)
Pretraining encoder: sage
[Pretrain] epoch=001 loss=2.0765 train_acc=0.2288 val_acc=0.2275
[Pretrain] epoch=020 loss=1.4189 train_acc=0.4388 val_acc=0.4340
[Pretrain] epoch=040 loss=0.4217 train_acc=0.9085 val_acc=0.9052
[Pretrain] epoch=060 loss=0.2581 train_acc=0.9423 val_acc=0.9288
[Pretrain] epoch=080 loss=0.2287 train_acc=0.9510 val_acc=0.9288
[Pretrain] epoch=100 loss=0.2039 train_acc=0.9597 val_acc=0.9359
[Pretrain] epoch=120 loss=0.1938 train_acc=0.9641 val_acc=0.9412
[Pretrain] epoch=140 loss=0.1868 train_acc=0.9684 val_acc=0.9399
[Pretrain] epoch=160 loss=0.1555 train_acc=0.9745 val_acc=0.9425
[Pretrain] epoch=180 loss=0.1489 train_acc=0.9745 val_acc=0.9451
[Pretrain] epoch=200 loss=0.1440 train_acc=0.9763 val_acc=0.9477
[Pretrain] epoch=220 loss=0.1296 train_acc=0.9769 val_acc=0.9510
[Pretrain] epoch=240 loss=0.1329 train_acc=0.9771 val_acc=0.9444
[Pretrain] epoch=260 loss=0.1256 train_acc=0.9773 val_acc=0.9431
[Pretrain] epoch=280 loss=0.1245 train_acc=0.9793 val_acc=0.9516
[Pretrain] epoch=300 loss=0.1200 train_acc=0.9791 val_acc=0.9471
[Pretrain] selected epoch=262 val_acc=0.9529
  sage embedding shape: (7650, 128)
[FusionPretrain] epoch=001 loss=2.0606 train_acc=0.0853 weights=[0.3311, 0.3311, 0.3378]
[FusionPretrain] epoch=020 loss=1.1290 train_acc=0.8268 weights=[0.286, 0.2833, 0.4306]
[FusionPretrain] epoch=040 loss=0.5910 train_acc=0.9283 weights=[0.2254, 0.2233, 0.5513]
[FusionPretrain] epoch=060 loss=0.3250 train_acc=0.9611 weights=[0.171, 0.1685, 0.6606]
[FusionPretrain] epoch=080 loss=0.2151 train_acc=0.9688 weights=[0.1343, 0.1311, 0.7346]
[FusionPretrain] epoch=100 loss=0.1677 train_acc=0.9709 weights=[0.1121, 0.1084, 0.7796]
[FusionPretrain] epoch=120 loss=0.1437 train_acc=0.9716 weights=[0.0978, 0.0939, 0.8083]
[FusionPretrain] epoch=140 loss=0.1297 train_acc=0.9724 weights=[0.0878, 0.0839, 0.8283]
[FusionPretrain] epoch=160 loss=0.1205 train_acc=0.9737 weights=[0.0804, 0.0765, 0.8431]
[FusionPretrain] epoch=180 loss=0.1141 train_acc=0.9748 weights=[0.0746, 0.0707, 0.8547]
[FusionPretrain] epoch=200 loss=0.1094 train_acc=0.9750 weights=[0.0699, 0.066, 0.864]
[Photo] fused embedding built (shape=(7650, 128))
  fused embedding stats shape=(7650, 128) mean=-0.0049 std=0.1129 min=-0.5102 max=0.6122
  fusion weights ['gcn', 'gat', 'sage'] = [0.0699, 0.066, 0.864]
Prediction embedding branch setting: branch=branch2, pre_agg_pca_dim=0, add_graph_engineered_features=True
Appended graph engineered features to prediction embedding: [lap_rw_resp_norm, neighbor_count, degree, l2_diff_1hop(1), cos_sim_1hop(1), hop1_dispersion_trace(1), hop2_dispersion_trace(1), pagerank(1)], new_total_dim=136
Applied feature normalization: none.
Split complete: x_train=(6120, 136), x_test=(1530, 136), num_classes=8, actual_train_test_ratio=4.0000
TabPFN ensemble-selection enabled: sources=['fused_weighted', 'gat', 'gcn', 'sage'], val_size=0.2, candidates_per_table=2, context_size=fit-full, colsample=[1.0, 1.0], max_selected=32, n_jobs=1
TabPFN ensemble-selection test accuracy: 0.9497
TabPFN ensemble-selection summary: fit_size=4896, val_size=1224, num_candidates=8, num_selected=4, table_weights={'fused_weighted': 0.5, 'gat': 0.25, 'sage': 0.25}
TabPFN ensemble-selection classification report:
              precision    recall  f1-score   support

           0     0.9589    0.9459    0.9524        74
           1     0.9588    0.9674    0.9631       337
           2     0.9559    0.9220    0.9386       141
           3     0.9348    0.9399    0.9373       183
           4     0.9598    0.9489    0.9543       176
           5     0.9760    0.9879    0.9819       165
           6     0.9325    0.9613    0.9467       388
           7     0.9286    0.7879    0.8525        66

    accuracy                         0.9497      1530
   macro avg     0.9507    0.9326    0.9408      1530
weighted avg     0.9497    0.9497    0.9493      1530

