[INFO] Dataset 'Actor' is heterophilous. Replacing base backbone 'gcn' -> 'linkx'.
Linear pretrain split: train=4560, val=1520, test=1520
Split setting: source=random, requested_train_test_ratio=4.0000
Fusion setting: encoder_fusion=weighted, models=['linkx', 'fagcn', 'gprgnn', 'h2gcn'], hidden_dim=128, embedding_dim=128, num_layers=2, dropout=0.5, gat_heads=8, weighted_fusion_train_strategy=two-stage
Pretraining encoder: linkx
[Pretrain] epoch=001 loss=1.6446 train_acc=0.2581 val_acc=0.2586
[Pretrain] epoch=020 loss=0.1983 train_acc=0.8333 val_acc=0.2974
[Pretrain] epoch=040 loss=0.1624 train_acc=0.9333 val_acc=0.3013
[Pretrain] epoch=060 loss=0.1371 train_acc=0.9158 val_acc=0.2743
[Pretrain] epoch=080 loss=0.1087 train_acc=0.9522 val_acc=0.3072
[Pretrain] epoch=100 loss=0.0788 train_acc=0.9680 val_acc=0.2914
[Pretrain] epoch=120 loss=0.0679 train_acc=0.9638 val_acc=0.3013
[Pretrain] epoch=140 loss=0.0682 train_acc=0.9717 val_acc=0.3039
[Pretrain] epoch=160 loss=0.0787 train_acc=0.9715 val_acc=0.3026
[Pretrain] epoch=180 loss=0.0691 train_acc=0.9675 val_acc=0.3105
[Pretrain] epoch=200 loss=0.0681 train_acc=0.9717 val_acc=0.3178
[Pretrain] epoch=220 loss=0.0654 train_acc=0.9730 val_acc=0.3211
[Pretrain] epoch=240 loss=0.0847 train_acc=0.9645 val_acc=0.3230
[Pretrain] epoch=260 loss=0.0747 train_acc=0.9719 val_acc=0.3046
[Pretrain] epoch=280 loss=0.0788 train_acc=0.9728 val_acc=0.3033
[Pretrain] epoch=300 loss=0.0686 train_acc=0.9724 val_acc=0.2947
[Pretrain] selected epoch=240 val_acc=0.3230
  linkx embedding shape: (7600, 128)
Pretraining encoder: fagcn
[Pretrain] epoch=001 loss=1.6155 train_acc=0.2586 val_acc=0.2586
[Pretrain] epoch=020 loss=1.5503 train_acc=0.2761 val_acc=0.2783
[Pretrain] epoch=040 loss=1.4828 train_acc=0.3531 val_acc=0.3480
[Pretrain] epoch=060 loss=1.4379 train_acc=0.3583 val_acc=0.3421
[Pretrain] epoch=080 loss=1.4166 train_acc=0.3616 val_acc=0.3428
[Pretrain] epoch=100 loss=1.4147 train_acc=0.3537 val_acc=0.3217
[Pretrain] epoch=120 loss=1.3987 train_acc=0.3546 val_acc=0.3270
[Pretrain] epoch=140 loss=1.4073 train_acc=0.3270 val_acc=0.3092
[Pretrain] epoch=160 loss=1.3971 train_acc=0.3254 val_acc=0.3092
[Pretrain] epoch=180 loss=1.3935 train_acc=0.3377 val_acc=0.3164
[Pretrain] epoch=200 loss=1.3975 train_acc=0.3498 val_acc=0.3211
[Pretrain] epoch=220 loss=1.3949 train_acc=0.3522 val_acc=0.3257
[Pretrain] epoch=240 loss=1.3853 train_acc=0.3467 val_acc=0.3263
[Pretrain] epoch=260 loss=1.3886 train_acc=0.3322 val_acc=0.3151
[Pretrain] epoch=280 loss=1.3957 train_acc=0.3434 val_acc=0.3138
[Pretrain] epoch=300 loss=1.3897 train_acc=0.3454 val_acc=0.3178
[Pretrain] selected epoch=029 val_acc=0.3671
  fagcn embedding shape: (7600, 128)
Pretraining encoder: gprgnn
[Pretrain] epoch=001 loss=1.6298 train_acc=0.2586 val_acc=0.2612
[Pretrain] epoch=020 loss=1.5077 train_acc=0.3522 val_acc=0.3355
[Pretrain] epoch=040 loss=1.4045 train_acc=0.4254 val_acc=0.3546
[Pretrain] epoch=060 loss=1.3293 train_acc=0.4408 val_acc=0.3316
[Pretrain] epoch=080 loss=1.2792 train_acc=0.4583 val_acc=0.3270
[Pretrain] epoch=100 loss=1.2572 train_acc=0.4669 val_acc=0.3329
[Pretrain] epoch=120 loss=1.2430 train_acc=0.4807 val_acc=0.3191
[Pretrain] epoch=140 loss=1.2355 train_acc=0.4695 val_acc=0.3112
[Pretrain] epoch=160 loss=1.2169 train_acc=0.4794 val_acc=0.3191
[Pretrain] epoch=180 loss=1.1950 train_acc=0.4706 val_acc=0.3191
[Pretrain] epoch=200 loss=1.1957 train_acc=0.4897 val_acc=0.3092
[Pretrain] epoch=220 loss=1.2006 train_acc=0.4513 val_acc=0.3053
[Pretrain] epoch=240 loss=1.1896 train_acc=0.4711 val_acc=0.3026
[Pretrain] epoch=260 loss=1.1995 train_acc=0.4930 val_acc=0.3099
[Pretrain] epoch=280 loss=1.1854 train_acc=0.4871 val_acc=0.3138
[Pretrain] epoch=300 loss=1.1806 train_acc=0.5068 val_acc=0.3178
[Pretrain] selected epoch=040 val_acc=0.3546
  gprgnn embedding shape: (7600, 128)
Pretraining encoder: h2gcn
[Pretrain] epoch=001 loss=1.6077 train_acc=0.2586 val_acc=0.2586
[Pretrain] epoch=020 loss=1.5727 train_acc=0.2586 val_acc=0.2586
[Pretrain] epoch=040 loss=1.5722 train_acc=0.2586 val_acc=0.2586
[Pretrain] epoch=060 loss=1.5724 train_acc=0.2586 val_acc=0.2586
[Pretrain] epoch=080 loss=1.5724 train_acc=0.2586 val_acc=0.2586
[Pretrain] epoch=100 loss=1.5725 train_acc=0.2586 val_acc=0.2586
[Pretrain] epoch=120 loss=1.5725 train_acc=0.2586 val_acc=0.2586
[Pretrain] epoch=140 loss=1.5725 train_acc=0.2586 val_acc=0.2586
[Pretrain] epoch=160 loss=1.5724 train_acc=0.2586 val_acc=0.2586
[Pretrain] epoch=180 loss=1.5725 train_acc=0.2586 val_acc=0.2586
[Pretrain] epoch=200 loss=1.5724 train_acc=0.2586 val_acc=0.2586
[Pretrain] epoch=220 loss=1.5727 train_acc=0.2586 val_acc=0.2586
[Pretrain] epoch=240 loss=1.5725 train_acc=0.2586 val_acc=0.2586
[Pretrain] epoch=260 loss=1.5725 train_acc=0.2586 val_acc=0.2586
[Pretrain] epoch=280 loss=1.5725 train_acc=0.2586 val_acc=0.2586
[Pretrain] epoch=300 loss=1.5725 train_acc=0.2586 val_acc=0.2586
[Pretrain] selected epoch=001 val_acc=0.2586
  h2gcn embedding shape: (7600, 128)
[FusionPretrain] epoch=001 loss=1.6308 train_acc=0.0750 weights=[0.2463, 0.2512, 0.2512, 0.2512]
[FusionPretrain] epoch=020 loss=0.7071 train_acc=0.8090 weights=[0.3125, 0.2288, 0.2298, 0.2289]
[FusionPretrain] epoch=040 loss=0.6956 train_acc=0.8109 weights=[0.3028, 0.2318, 0.2341, 0.2313]
[FusionPretrain] epoch=060 loss=0.6854 train_acc=0.8117 weights=[0.2822, 0.2381, 0.2422, 0.2375]
[FusionPretrain] epoch=080 loss=0.6829 train_acc=0.8112 weights=[0.2874, 0.2356, 0.242, 0.235]
[FusionPretrain] epoch=100 loss=0.6815 train_acc=0.8113 weights=[0.2875, 0.2344, 0.2446, 0.2335]
[FusionPretrain] epoch=120 loss=0.6804 train_acc=0.8118 weights=[0.2873, 0.2329, 0.2484, 0.2313]
[FusionPretrain] epoch=140 loss=0.6793 train_acc=0.8120 weights=[0.2868, 0.2311, 0.2535, 0.2285]
[FusionPretrain] epoch=160 loss=0.6782 train_acc=0.8122 weights=[0.2859, 0.229, 0.2601, 0.2251]
[FusionPretrain] epoch=180 loss=0.6770 train_acc=0.8122 weights=[0.2846, 0.2263, 0.2681, 0.221]
[FusionPretrain] epoch=200 loss=0.6759 train_acc=0.8123 weights=[0.283, 0.2233, 0.2775, 0.2163]
[Actor] fused embedding built (shape=(7600, 128))
  fused embedding stats shape=(7600, 128) mean=0.0057 std=0.2445 min=-15.3503 max=18.1122
  fusion weights ['linkx', 'fagcn', 'gprgnn', 'h2gcn'] = [0.283, 0.2233, 0.2775, 0.2163]
Prediction embedding branch setting: branch=branch2, pre_agg_pca_dim=64, add_graph_engineered_features=True
[Actor] prediction uses concatenated embedding: gnn_dim=128 + pre_agg_dim=64 -> total_dim=200
Appended graph engineered features to prediction embedding: [lap_rw_resp_norm, neighbor_count, degree, l2_diff_1hop(1), cos_sim_1hop(1), hop1_dispersion_trace(1), hop2_dispersion_trace(1), pagerank(1)], new_total_dim=200
Applied feature normalization: none.
Split complete: x_train=(6080, 200), x_test=(1520, 200), num_classes=5, actual_train_test_ratio=4.0000
TabPFN ensemble-selection enabled: sources=['fagcn', 'fused_weighted', 'gprgnn', 'h2gcn', 'linkx'], val_size=0.2, candidates_per_table=2, context_size=fit-full, colsample=[1.0, 1.0], max_selected=32, n_jobs=1
TabPFN ensemble-selection test accuracy: 0.3822
TabPFN ensemble-selection summary: fit_size=4864, val_size=1216, num_candidates=10, num_selected=2, table_weights={'fagcn': 0.5, 'h2gcn': 0.5}
TabPFN ensemble-selection classification report:
              precision    recall  f1-score   support

           0     0.4519    0.3567    0.3987       171
           1     0.2908    0.2734    0.2819       267
           2     0.2559    0.1994    0.2241       326
           3     0.2787    0.2810    0.2798       363
           4     0.5447    0.7125    0.6174       393

    accuracy                         0.3822      1520
   macro avg     0.3644    0.3646    0.3604      1520
weighted avg     0.3642    0.3822    0.3689      1520

