[INFO] Dataset 'chameleon' is heterophilous. Replacing base backbone 'gcn' -> 'linkx'.
Linear pretrain split: train=1365, val=456, test=456
Split setting: source=random, requested_train_test_ratio=4.0000
Fusion setting: encoder_fusion=weighted, models=['linkx', 'fagcn', 'gprgnn', 'h2gcn'], hidden_dim=128, embedding_dim=128, num_layers=2, dropout=0.5, gat_heads=8, weighted_fusion_train_strategy=two-stage
Pretraining encoder: linkx
[Pretrain] epoch=001 loss=1.6737 train_acc=0.1949 val_acc=0.1820
[Pretrain] epoch=020 loss=0.3796 train_acc=0.8740 val_acc=0.4079
[Pretrain] epoch=040 loss=0.2529 train_acc=0.9201 val_acc=0.4320
[Pretrain] epoch=060 loss=0.1667 train_acc=0.9370 val_acc=0.4145
[Pretrain] epoch=080 loss=0.1535 train_acc=0.9304 val_acc=0.4583
[Pretrain] epoch=100 loss=0.1380 train_acc=0.9407 val_acc=0.4430
[Pretrain] epoch=120 loss=0.1440 train_acc=0.9451 val_acc=0.4167
[Pretrain] epoch=140 loss=0.1480 train_acc=0.9451 val_acc=0.4539
[Pretrain] epoch=160 loss=0.1124 train_acc=0.9509 val_acc=0.4386
[Pretrain] epoch=180 loss=0.1338 train_acc=0.9502 val_acc=0.4386
[Pretrain] epoch=200 loss=0.1049 train_acc=0.9531 val_acc=0.4649
[Pretrain] epoch=220 loss=0.2310 train_acc=0.8967 val_acc=0.4386
[Pretrain] epoch=240 loss=0.1149 train_acc=0.9480 val_acc=0.4474
[Pretrain] epoch=260 loss=0.0980 train_acc=0.9568 val_acc=0.4583
[Pretrain] epoch=280 loss=0.1095 train_acc=0.9560 val_acc=0.4276
[Pretrain] epoch=300 loss=0.1447 train_acc=0.9458 val_acc=0.4583
[Pretrain] selected epoch=136 val_acc=0.4912
  linkx embedding shape: (2277, 128)
Pretraining encoder: fagcn
[Pretrain] epoch=001 loss=1.6082 train_acc=0.2286 val_acc=0.2303
[Pretrain] epoch=020 loss=1.6050 train_acc=0.2286 val_acc=0.2303
[Pretrain] epoch=040 loss=1.6050 train_acc=0.2286 val_acc=0.2303
[Pretrain] epoch=060 loss=1.6051 train_acc=0.2286 val_acc=0.2303
[Pretrain] epoch=080 loss=1.6051 train_acc=0.2286 val_acc=0.2303
[Pretrain] epoch=100 loss=1.6051 train_acc=0.2286 val_acc=0.2303
[Pretrain] epoch=120 loss=1.6051 train_acc=0.2286 val_acc=0.2303
[Pretrain] epoch=140 loss=1.6051 train_acc=0.2286 val_acc=0.2303
[Pretrain] epoch=160 loss=1.6051 train_acc=0.2286 val_acc=0.2303
[Pretrain] epoch=180 loss=1.6051 train_acc=0.2286 val_acc=0.2303
[Pretrain] epoch=200 loss=1.6051 train_acc=0.2286 val_acc=0.2303
[Pretrain] epoch=220 loss=1.6051 train_acc=0.2286 val_acc=0.2303
[Pretrain] epoch=240 loss=1.6051 train_acc=0.2286 val_acc=0.2303
[Pretrain] epoch=260 loss=1.6051 train_acc=0.2286 val_acc=0.2303
[Pretrain] epoch=280 loss=1.6051 train_acc=0.2286 val_acc=0.2303
[Pretrain] epoch=300 loss=1.6051 train_acc=0.2286 val_acc=0.2303
[Pretrain] selected epoch=001 val_acc=0.2303
  fagcn embedding shape: (2277, 128)
Pretraining encoder: gprgnn
[Pretrain] epoch=001 loss=1.6204 train_acc=0.2007 val_acc=0.1996
[Pretrain] epoch=020 loss=1.3184 train_acc=0.5289 val_acc=0.3509
[Pretrain] epoch=040 loss=1.0920 train_acc=0.7458 val_acc=0.3333
[Pretrain] epoch=060 loss=0.7522 train_acc=0.8462 val_acc=0.3575
[Pretrain] epoch=080 loss=0.6057 train_acc=0.9245 val_acc=0.3575
[Pretrain] epoch=100 loss=0.4961 train_acc=0.9370 val_acc=0.4189
[Pretrain] epoch=120 loss=0.4661 train_acc=0.9392 val_acc=0.4539
[Pretrain] epoch=140 loss=0.4585 train_acc=0.9458 val_acc=0.4627
[Pretrain] epoch=160 loss=0.4850 train_acc=0.9414 val_acc=0.4649
[Pretrain] epoch=180 loss=0.4791 train_acc=0.9385 val_acc=0.4496
[Pretrain] epoch=200 loss=0.4698 train_acc=0.9436 val_acc=0.4583
[Pretrain] epoch=220 loss=0.4376 train_acc=0.9326 val_acc=0.4671
[Pretrain] epoch=240 loss=0.4401 train_acc=0.9399 val_acc=0.4583
[Pretrain] epoch=260 loss=0.4301 train_acc=0.9429 val_acc=0.4825
[Pretrain] epoch=280 loss=0.4380 train_acc=0.9421 val_acc=0.4496
[Pretrain] epoch=300 loss=0.4608 train_acc=0.9407 val_acc=0.4825
[Pretrain] selected epoch=289 val_acc=0.4934
  gprgnn embedding shape: (2277, 128)
Pretraining encoder: h2gcn
[Pretrain] epoch=001 loss=1.6104 train_acc=0.2286 val_acc=0.2303
[Pretrain] epoch=020 loss=1.5638 train_acc=0.2908 val_acc=0.2829
[Pretrain] epoch=040 loss=1.5184 train_acc=0.3114 val_acc=0.3070
[Pretrain] epoch=060 loss=1.4816 train_acc=0.3385 val_acc=0.3114
[Pretrain] epoch=080 loss=1.4607 train_acc=0.3538 val_acc=0.2961
[Pretrain] epoch=100 loss=1.4473 train_acc=0.3568 val_acc=0.3070
[Pretrain] epoch=120 loss=1.4462 train_acc=0.3509 val_acc=0.3136
[Pretrain] epoch=140 loss=1.4308 train_acc=0.3692 val_acc=0.3158
[Pretrain] epoch=160 loss=1.4209 train_acc=0.3758 val_acc=0.3180
[Pretrain] epoch=180 loss=1.4095 train_acc=0.3853 val_acc=0.3180
[Pretrain] epoch=200 loss=1.4208 train_acc=0.3941 val_acc=0.3136
[Pretrain] epoch=220 loss=1.3979 train_acc=0.3861 val_acc=0.3268
[Pretrain] epoch=240 loss=1.3817 train_acc=0.3934 val_acc=0.3136
[Pretrain] epoch=260 loss=1.3861 train_acc=0.3919 val_acc=0.3114
[Pretrain] epoch=280 loss=1.3799 train_acc=0.3934 val_acc=0.3070
[Pretrain] epoch=300 loss=1.3801 train_acc=0.3832 val_acc=0.3158
[Pretrain] selected epoch=211 val_acc=0.3355
  h2gcn embedding shape: (2277, 128)
[FusionPretrain] epoch=001 loss=1.7461 train_acc=0.1631 weights=[0.2463, 0.2512, 0.2512, 0.2512]
[FusionPretrain] epoch=020 loss=0.6102 train_acc=0.8254 weights=[0.2912, 0.2363, 0.2363, 0.2362]
[FusionPretrain] epoch=040 loss=0.5733 train_acc=0.8287 weights=[0.2565, 0.2476, 0.2488, 0.2471]
[FusionPretrain] epoch=060 loss=0.5603 train_acc=0.8342 weights=[0.2436, 0.2492, 0.2589, 0.2484]
[FusionPretrain] epoch=080 loss=0.5495 train_acc=0.8375 weights=[0.2452, 0.2424, 0.2709, 0.2415]
[FusionPretrain] epoch=100 loss=0.5379 train_acc=0.8380 weights=[0.2424, 0.2324, 0.2935, 0.2317]
[FusionPretrain] epoch=120 loss=0.5241 train_acc=0.8380 weights=[0.2376, 0.2174, 0.3281, 0.2169]
[FusionPretrain] epoch=140 loss=0.5076 train_acc=0.8407 weights=[0.229, 0.1976, 0.3761, 0.1973]
[FusionPretrain] epoch=160 loss=0.4896 train_acc=0.8418 weights=[0.2161, 0.1746, 0.4349, 0.1744]
[FusionPretrain] epoch=180 loss=0.4728 train_acc=0.8429 weights=[0.2004, 0.1515, 0.4968, 0.1513]
[FusionPretrain] epoch=200 loss=0.4600 train_acc=0.8446 weights=[0.185, 0.1316, 0.552, 0.1315]
[chameleon] fused embedding built (shape=(2277, 128))
  fused embedding stats shape=(2277, 128) mean=0.0000 std=0.2463 min=-4.3964 max=3.5717
  fusion weights ['linkx', 'fagcn', 'gprgnn', 'h2gcn'] = [0.185, 0.1316, 0.552, 0.1315]
Prediction embedding branch setting: branch=branch2, pre_agg_pca_dim=64, add_graph_engineered_features=True
[chameleon] prediction uses concatenated embedding: gnn_dim=128 + pre_agg_dim=64 -> total_dim=200
Appended graph engineered features to prediction embedding: [lap_rw_resp_norm, neighbor_count, degree, l2_diff_1hop(1), cos_sim_1hop(1), hop1_dispersion_trace(1), hop2_dispersion_trace(1), pagerank(1)], new_total_dim=200
Applied feature normalization: none.
Split complete: x_train=(1821, 200), x_test=(456, 200), num_classes=5, actual_train_test_ratio=3.9934
TabPFN ensemble-selection enabled: sources=['fagcn', 'fused_weighted', 'gprgnn', 'h2gcn', 'linkx'], val_size=0.2, candidates_per_table=2, context_size=fit-full, colsample=[1.0, 1.0], max_selected=32, n_jobs=1
TabPFN ensemble-selection test accuracy: 0.8048
TabPFN ensemble-selection summary: fit_size=1456, val_size=365, num_candidates=10, num_selected=2, table_weights={'fagcn': 0.5, 'h2gcn': 0.5}
TabPFN ensemble-selection classification report:
              precision    recall  f1-score   support

           0     0.9242    0.6703    0.7771        91
           1     0.8421    0.8696    0.8556        92
           2     0.6990    0.7912    0.7423        91
           3     0.8081    0.7692    0.7882       104
           4     0.7957    0.9487    0.8655        78

    accuracy                         0.8048       456
   macro avg     0.8138    0.8098    0.8057       456
weighted avg     0.8142    0.8048    0.8036       456

