Traceback (most recent call last):
  File "D:\university\GCN-TabPFN\code\examples\train_gcn_planetoid.py", line 16, in <module>
    from sklearn.model_selection import train_test_split
  File "D:\anaconda\evns\gcn_tabpfn_py11\Lib\site-packages\sklearn\__init__.py", line 70, in <module>
    from sklearn.base import clone  # noqa: E402
    ^^^^^^^^^^^^^^^^^^^^^^^^^^^^^^
  File "D:\anaconda\evns\gcn_tabpfn_py11\Lib\site-packages\sklearn\base.py", line 19, in <module>
    from sklearn.utils._metadata_requests import _MetadataRequester, _routing_enabled
  File "D:\anaconda\evns\gcn_tabpfn_py11\Lib\site-packages\sklearn\utils\__init__.py", line 9, in <module>
    from sklearn.utils._chunking import gen_batches, gen_even_slices
  File "D:\anaconda\evns\gcn_tabpfn_py11\Lib\site-packages\sklearn\utils\_chunking.py", line 11, in <module>
    from sklearn.utils._param_validation import Interval, validate_params
  File "D:\anaconda\evns\gcn_tabpfn_py11\Lib\site-packages\sklearn\utils\_param_validation.py", line 17, in <module>
    from sklearn.utils.validation import _is_arraylike_not_scalar
  File "D:\anaconda\evns\gcn_tabpfn_py11\Lib\site-packages\sklearn\utils\validation.py", line 24, in <module>
    from sklearn.utils._array_api import (
  File "D:\anaconda\evns\gcn_tabpfn_py11\Lib\site-packages\sklearn\utils\_array_api.py", line 20, in <module>
    from sklearn.utils.fixes import parse_version
  File "D:\anaconda\evns\gcn_tabpfn_py11\Lib\site-packages\sklearn\utils\fixes.py", line 19, in <module>
    import pandas as pd
  File "D:\anaconda\evns\gcn_tabpfn_py11\Lib\site-packages\pandas\__init__.py", line 58, in <module>
    from pandas.core.api import (
  File "D:\anaconda\evns\gcn_tabpfn_py11\Lib\site-packages\pandas\core\api.py", line 27, in <module>
    from pandas.core.arrays import Categorical
  File "D:\anaconda\evns\gcn_tabpfn_py11\Lib\site-packages\pandas\core\arrays\__init__.py", line 1, in <module>
    from pandas.core.arrays.arrow import ArrowExtensionArray
  File "D:\anaconda\evns\gcn_tabpfn_py11\Lib\site-packages\pandas\core\arrays\arrow\__init__.py", line 5, in <module>
    from pandas.core.arrays.arrow.array import ArrowExtensionArray
  File "D:\anaconda\evns\gcn_tabpfn_py11\Lib\site-packages\pandas\core\arrays\arrow\array.py", line 75, in <module>
    from pandas.core.arrays.base import (
  File "D:\anaconda\evns\gcn_tabpfn_py11\Lib\site-packages\pandas\core\arrays\base.py", line 31, in <module>
    from pandas.compat.numpy import function as nv
  File "D:\anaconda\evns\gcn_tabpfn_py11\Lib\site-packages\pandas\compat\numpy\function.py", line 37, in <module>
    from pandas.util._validators import (
  File "<frozen importlib._bootstrap>", line 1176, in _find_and_load
  File "<frozen importlib._bootstrap>", line 1138, in _find_and_load_unlocked
  File "<frozen importlib._bootstrap>", line 1078, in _find_spec
  File "<frozen importlib._bootstrap_external>", line 1507, in find_spec
  File "<frozen importlib._bootstrap_external>", line 1479, in _get_spec
  File "<frozen importlib._bootstrap_external>", line 1615, in find_spec
  File "<frozen importlib._bootstrap_external>", line 147, in _path_stat
KeyboardInterrupt
^C^C