[INFO] Dataset 'chameleon' is heterophilous. Replacing base backbone 'gcn' -> 'linkx'.
Linear pretrain split: train=1365, val=456, test=456
Split setting: source=random, requested_train_test_ratio=4.0000
Fusion setting: encoder_fusion=weighted, models=['linkx', 'fagcn', 'gprgnn', 'h2gcn'], hidden_dim=128, embedding_dim=128, num_layers=2, dropout=0.5, gat_heads=8, weighted_fusion_train_strategy=two-stage
Pretraining encoder: linkx
[Pretrain] epoch=001 loss=1.6737 train_acc=0.1949 val_acc=0.1820
[Pretrain] epoch=020 loss=0.3673 train_acc=0.8330 val_acc=0.3465
[Pretrain] epoch=040 loss=0.2000 train_acc=0.9150 val_acc=0.4276
[Pretrain] epoch=060 loss=0.2255 train_acc=0.9297 val_acc=0.4474
[Pretrain] epoch=080 loss=0.1538 train_acc=0.9385 val_acc=0.4320
[Pretrain] epoch=100 loss=0.1426 train_acc=0.9392 val_acc=0.4276
[Pretrain] epoch=120 loss=0.1388 train_acc=0.9385 val_acc=0.4298
[Pretrain] epoch=140 loss=0.1491 train_acc=0.9516 val_acc=0.4408
[Pretrain] epoch=160 loss=0.1252 train_acc=0.9421 val_acc=0.4342
[Pretrain] epoch=180 loss=0.1762 train_acc=0.9377 val_acc=0.4364
[Pretrain] epoch=200 loss=0.1229 train_acc=0.9429 val_acc=0.4474
[Pretrain] epoch=220 loss=0.2154 train_acc=0.7824 val_acc=0.3355
[Pretrain] epoch=240 loss=0.1220 train_acc=0.9560 val_acc=0.4605
[Pretrain] epoch=260 loss=0.1182 train_acc=0.9495 val_acc=0.4452
[Pretrain] epoch=280 loss=0.1325 train_acc=0.9451 val_acc=0.4057
[Pretrain] epoch=300 loss=0.1150 train_acc=0.9385 val_acc=0.4320
[Pretrain] selected epoch=157 val_acc=0.4825
  linkx embedding shape: (2277, 128)
Pretraining encoder: fagcn
[Pretrain] epoch=001 loss=1.6082 train_acc=0.2286 val_acc=0.2303
[Pretrain] epoch=020 loss=1.6050 train_acc=0.2286 val_acc=0.2303
[Pretrain] epoch=040 loss=1.6050 train_acc=0.2286 val_acc=0.2303
[Pretrain] epoch=060 loss=1.6051 train_acc=0.2286 val_acc=0.2303
[Pretrain] epoch=080 loss=1.6051 train_acc=0.2286 val_acc=0.2303
[Pretrain] epoch=100 loss=1.6051 train_acc=0.2286 val_acc=0.2303
[Pretrain] epoch=120 loss=1.6051 train_acc=0.2286 val_acc=0.2303
[Pretrain] epoch=140 loss=1.6051 train_acc=0.2286 val_acc=0.2303
[Pretrain] epoch=160 loss=1.6051 train_acc=0.2286 val_acc=0.2303
[Pretrain] epoch=180 loss=1.6051 train_acc=0.2286 val_acc=0.2303
[Pretrain] epoch=200 loss=1.6051 train_acc=0.2286 val_acc=0.2303
[Pretrain] epoch=220 loss=1.6051 train_acc=0.2286 val_acc=0.2303
[Pretrain] epoch=240 loss=1.6051 train_acc=0.2286 val_acc=0.2303
[Pretrain] epoch=260 loss=1.6051 train_acc=0.2286 val_acc=0.2303
[Pretrain] epoch=280 loss=1.6051 train_acc=0.2286 val_acc=0.2303
[Pretrain] epoch=300 loss=1.6051 train_acc=0.2286 val_acc=0.2303
[Pretrain] selected epoch=001 val_acc=0.2303
  fagcn embedding shape: (2277, 128)
Pretraining encoder: gprgnn
[Pretrain] epoch=001 loss=1.6204 train_acc=0.2007 val_acc=0.1996
[Pretrain] epoch=020 loss=1.3184 train_acc=0.5289 val_acc=0.3509
[Pretrain] epoch=040 loss=1.0920 train_acc=0.7458 val_acc=0.3333
[Pretrain] epoch=060 loss=0.7522 train_acc=0.8462 val_acc=0.3575
[Pretrain] epoch=080 loss=0.6052 train_acc=0.9245 val_acc=0.3596
[Pretrain] epoch=100 loss=0.4974 train_acc=0.9355 val_acc=0.4211
[Pretrain] epoch=120 loss=0.4623 train_acc=0.9399 val_acc=0.4452
[Pretrain] epoch=140 loss=0.4503 train_acc=0.9436 val_acc=0.4627
[Pretrain] epoch=160 loss=0.4805 train_acc=0.9414 val_acc=0.4518
[Pretrain] epoch=180 loss=0.4790 train_acc=0.9377 val_acc=0.4693
[Pretrain] epoch=200 loss=0.4715 train_acc=0.9436 val_acc=0.4561
[Pretrain] epoch=220 loss=0.4343 train_acc=0.9399 val_acc=0.4693
[Pretrain] epoch=240 loss=0.4384 train_acc=0.9414 val_acc=0.4934
[Pretrain] epoch=260 loss=0.4167 train_acc=0.9436 val_acc=0.4781
[Pretrain] epoch=280 loss=0.4319 train_acc=0.9414 val_acc=0.4408
[Pretrain] epoch=300 loss=0.4572 train_acc=0.9421 val_acc=0.4671
[Pretrain] selected epoch=244 val_acc=0.5022
  gprgnn embedding shape: (2277, 128)
Pretraining encoder: h2gcn
[Pretrain] epoch=001 loss=1.6104 train_acc=0.2286 val_acc=0.2303
[Pretrain] epoch=020 loss=1.5638 train_acc=0.2908 val_acc=0.2829
[Pretrain] epoch=040 loss=1.5184 train_acc=0.3114 val_acc=0.3070
[Pretrain] epoch=060 loss=1.4816 train_acc=0.3385 val_acc=0.3114
[Pretrain] epoch=080 loss=1.4606 train_acc=0.3538 val_acc=0.2961
[Pretrain] epoch=100 loss=1.4474 train_acc=0.3568 val_acc=0.3048
[Pretrain] epoch=120 loss=1.4439 train_acc=0.3538 val_acc=0.3158
[Pretrain] epoch=140 loss=1.4223 train_acc=0.3678 val_acc=0.3136
[Pretrain] epoch=160 loss=1.4248 train_acc=0.3678 val_acc=0.3158
[Pretrain] epoch=180 loss=1.4155 train_acc=0.3744 val_acc=0.3224
[Pretrain] epoch=200 loss=1.4044 train_acc=0.3919 val_acc=0.3114
[Pretrain] epoch=220 loss=1.4154 train_acc=0.3956 val_acc=0.3202
[Pretrain] epoch=240 loss=1.3867 train_acc=0.3853 val_acc=0.3158
[Pretrain] epoch=260 loss=1.4114 train_acc=0.3817 val_acc=0.3114
[Pretrain] epoch=280 loss=1.3796 train_acc=0.3582 val_acc=0.2873
[Pretrain] epoch=300 loss=1.3837 train_acc=0.4000 val_acc=0.3114
[Pretrain] selected epoch=288 val_acc=0.3377
  h2gcn embedding shape: (2277, 128)
[FusionPretrain] epoch=001 loss=1.7318 train_acc=0.1598 weights=[0.2463, 0.2512, 0.2512, 0.2512]
[FusionPretrain] epoch=020 loss=0.5842 train_acc=0.8303 weights=[0.2968, 0.2342, 0.2347, 0.2342]
[FusionPretrain] epoch=040 loss=0.5659 train_acc=0.8314 weights=[0.2707, 0.242, 0.2454, 0.2419]
[FusionPretrain] epoch=060 loss=0.5528 train_acc=0.8342 weights=[0.2492, 0.2463, 0.2581, 0.2463]
[FusionPretrain] epoch=080 loss=0.5437 train_acc=0.8336 weights=[0.252, 0.2391, 0.2692, 0.2398]
[FusionPretrain] epoch=100 loss=0.5341 train_acc=0.8358 weights=[0.2486, 0.2299, 0.2898, 0.2318]
[FusionPretrain] epoch=120 loss=0.5227 train_acc=0.8375 weights=[0.2432, 0.2165, 0.3205, 0.2197]
[FusionPretrain] epoch=140 loss=0.5089 train_acc=0.8380 weights=[0.2346, 0.1989, 0.3631, 0.2034]
[FusionPretrain] epoch=160 loss=0.4932 train_acc=0.8396 weights=[0.2221, 0.1781, 0.4163, 0.1834]
[FusionPretrain] epoch=180 loss=0.4775 train_acc=0.8391 weights=[0.2067, 0.1562, 0.4752, 0.1618]
[FusionPretrain] epoch=200 loss=0.4641 train_acc=0.8396 weights=[0.1908, 0.1361, 0.5315, 0.1417]
[chameleon] fused embedding built (shape=(2277, 128))
  fused embedding stats shape=(2277, 128) mean=0.0006 std=0.2368 min=-5.8521 max=5.9310
  fusion weights ['linkx', 'fagcn', 'gprgnn', 'h2gcn'] = [0.1908, 0.1361, 0.5315, 0.1417]
Prediction embedding branch setting: branch=branch2, pre_agg_pca_dim=64, add_graph_engineered_features=True
[chameleon] prediction uses concatenated embedding: gnn_dim=128 + pre_agg_dim=64 -> total_dim=200
Appended graph engineered features to prediction embedding: [lap_rw_resp_norm, neighbor_count, degree, l2_diff_1hop(1), cos_sim_1hop(1), hop1_dispersion_trace(1), hop2_dispersion_trace(1), pagerank(1)], new_total_dim=200
Applied feature normalization: none.
Split complete: x_train=(1821, 200), x_test=(456, 200), num_classes=5, actual_train_test_ratio=3.9934
TabPFN ensemble-selection enabled: sources=['current'], val_size=0.2, candidates_per_table=2, context_size=fit-full, colsample=[1.0, 1.0], max_selected=32, n_jobs=1
TabPFN ensemble-selection test accuracy: 0.6535
TabPFN ensemble-selection summary: fit_size=1456, val_size=365, num_candidates=2, num_selected=3, table_weights={'current': 1.0}
TabPFN ensemble-selection classification report:
              precision    recall  f1-score   support

           0     0.8281    0.5824    0.6839        91
           1     0.7317    0.6522    0.6897        92
           2     0.5446    0.6044    0.5729        91
           3     0.6262    0.6442    0.6351       104
           4     0.6176    0.8077    0.7000        78

    accuracy                         0.6535       456
   macro avg     0.6696    0.6582    0.6563       456
weighted avg     0.6700    0.6535    0.6545       456

